border_size=1
usage=map

Ms          , Ms          , Ms          , Ms          , Ms          , Ms          , Ms          , Ms          , Ms          , Ms          , Ms          , Ms          , Ms          , Ms          , Ms          , Aa^Fpa      , Aa^Fpa      , Aa^Fpa      , Aa^Fpa      , Gs^Fp       , Gs^Fp       , Gs^Fp       
Rd          , Ms          , Rd          , Ms          , Rd          , Ms          , Ha          , Ms          , Ms          , Ms          , Aa^Fpa      , Ms          , Ms          , Ha          , Aa^Fpa      , Aa^Fpa      , Aa^Fpa      , Aa^Fpa      , Aa^Fpa      , Aa          , Gs^Fp       , Gs^Fp       
Mm^Xm       , Rd          , Mm          , Rd          , Mm          , Rd          , Rd          , Aa^Fpa      , Aa^Fpa      , Aa^Fpa      , Ha          , Aa^Fpa      , Aa^Fpa      , Aa^Fpa      , Aa^Fpa      , Aa^Fpa      , Ha^Fpa      , Aa^Fpa      , Gs^Fp       , Gs^Fp       , Gs^Fp       , Gs^Fp       
Mm          , Mm^Xm       , Mm^Xm       , Mm          , Mm^Xm       , Mm          , Mm          , Rd          , Aa^Fpa      , Ha^Fpa      , Ha          , Aa^Fpa      , Ha^Fpa      , Aa^Fpa      , Mm          , Ha          , Ha          , Gs^Fp       , Hh^Fp       , 1 Gs^Fp     , Gs^Fp       , Gs^Fp       
Mm          , 3 Mm        , Mm^Xm       , Mm^Xm       , Mm          , Mm^Xm       , Mm          , Rd          , Rd          , Aa^Fpa      , Rp          , Ha^Vhha     , Aa^Fpa      , Rp          , Hh          , Hh          , Gs^Fp       , Rd          , Gs^Fp       , Gs^Fp       , Gs^Fp       , Gs^Fp       
Mm^Xm       , Mm^Xm       , Aa^Fpa      , Aa^Fpa      , Aa^Fpa      , Mm          , Mm          , Mm          , Rd          , Aa^Fpa      , Aa^Fpa      , Aa          , Gs^Fp       , Gs^Fp       , Gs^Fp       , Hh^Fp       , Rd          , Gs^Fp       , Gs^Fp       , Gs^Fp       , Gs^Fp       , Gs^Fp       
Ms          , Ms          , Aa^Fpa      , Aa^Fpa      , Ha^Fpa      , Aa^Fpa      , Aa^Fpa      , Mm          , Rd          , Aa^Fpa      , Aa^Fpa      , Aa^Fpa      , Gs^Fp       , Gs^Fp       , Gg          , Gs^Fp       , Gs^Fp       , Gs^Fp       , Gs^Fp       , Gs^Fp       , Gg          , Gg          
Ms          , Ms          , Aa^Fpa      , Ha          , Ha          , Aa^Fpa      , Aa          , Aa^Fpa      , Rd          , Aa^Fpa      , Hh^Fp       , Gs^Fp       , Gs^Fp       , Gg^Vh       , Gg          , Gg          , Gg          , Gs^Fp       , Gg          , Gs^Fp       , Gg          , Gg          
Ms          , Ha          , Aa^Fpa      , Aa^Fpa      , Aa^Fpa      , Aa^Fpa      , Aa^Fpa      , Gs^Fp       , Rd          , Gs^Fp       , Gs^Fp       , Gs^Fp       , Hh          , Gg          , Gg          , Gg          , Re^Gvs      , Re^Gvs      , Re^Gvs      , Gg          , Gg          , Gg          
Aa^Fpa      , Aa^Fpa      , Aa^Fpa      , Aa^Fpa      , Ha^Fpa      , Aa^Fpa      , Gs^Fp       , Gs^Fp       , Rd          , Hh          , Hh          , Gs^Fp       , Gg          , Gg          , Re^Gvs      , Re^Gvs      , Re^Gvs      , Re^Gvs      , Re^Gvs      , Re^Gvs      , Re^Gvs      , Gg          
Ha^Fpa      , Aa^Fpa      , Aa^Fpa      , Aa          , Aa^Fpa      , Hh^Fp       , Gs^Fp       , Hh          , Rd          , Hh          , Gg          , Gg          , Re^Gvs      , Re^Gvs      , Re^Gvs      , Re^Gvs      , Re^Gvs      , Re^Gvs      , Re^Gvs      , Re^Gvs      , Re^Gvs      , Re^Gvs      
Ha^Fpa      , Ha^Fpa      , Hh^Fp       , Gs^Fp       , Gs^Fp       , Gs^Fp       , Gg^Vh       , Gg          , Rd          , Gg          , Gg          , Re^Gvs      , Re^Gvs      , Re^Gvs      , Re^Gvs      , Re^Gvs      , Re^Gvs      , Re^Gvs      , Re^Gvs      , Re^Gvs      , Re^Gvs      , Re^Gvs      
Hh^Fp       , Hh^Fp       , Hh^Fp       , Gs^Fp       , Gg^Vh       , Gs^Fp       , Gg          , Gg          , Rd          , Gg          , Gs^Fds      , Re^Gvs      , Re^Gvs      , Re^Gvs      , Re^Gvs      , Re^Gvs      , Re^Gvs      , Re^Gvs      , Re^Gvs      , Re^Gvs      , Re^Gvs      , Re^Gvs      
Gs^Fp       , Gs^Fp       , Gs^Fp       , Gs^Fp       , Gg          , Gg          , Gg          , Gg          , Rd          , Hh          , Gs^Fds      , Gs^Fds      , Gg          , Re^Gvs      , Re^Gvs      , Re^Gvs      , Re^Gvs      , Re^Gvs      , Re^Gvs      , Re^Gvs      , Gg^Wm       , Gg          
Gg          , Gs^Fp       , Gg          , Gg          , Gg^Vh       , Hh          , Hh          , Gg^Vh       , Rd          , Gg^Vh       , Hh          , Hh          , Gg          , Gg          , Gg          , Re^Gvs      , Re^Gvs      , Re^Gvs      , Gg          , Gg          , Gg          , Gg          
Gg          , Gg          , Gg^Vh       , Gg          , Rd          , Hh          , Rd          , Rd          , Gg^Vh       , Rd          , Rd          , Gg^Vh       , Gg          , Gg          , Gs^Fds      , Gs^Fds      , Gs^Fds      , Gg          , Gg          , Gg          , Gg          , Gg          
Gg          , Gg          , Rd          , Rd          , Gg          , Rd          , Gg          , Gg          , Gg          , Hh          , Gg^Vh       , Rd          , Rd          , Gg          , Gg^Vh       , Hh          , Gg          , Gs^Fds      , Gg          , Gg          , Gg          , Gg          
Rd          , Rd          , Gg          , Gg          , Ch          , Ch          , Ch          , Gg          , Gg          , Gg          , Gg          , Gg          , Gg^Vh       , Rd          , Rd          , Gg          , Gg          , Gg          , Gg          , Gg          , Gg          , Gg          
Gg          , Gg          , Gg          , Gg          , Ch          , 2 Kh        , Ch          , Gg          , Gg          , Gg          , Gg          , Gg          , Gg          , Gg          , Gg          , Rd          , Rd          , Gg          , Gg          , Gg          , Gg          , Gg          
Gs^Fds      , Gs^Fds      , Gg          , Gg          , Gg          , Ch          , Gg          , Gg          , Gg          , Gg          , Gs^Fds      , Gg          , Gs^Fds      , Gg          , Gg          , Gg          , Gg          , Rd          , Rd          , Gg          , Gg          , Gg          
Gs^Fds      , Gs^Fds      , Gg          , Gg          , Gg          , Gg          , Hh          , Hh          , Gs^Fds      , Gs^Fds      , Hh          , Hh          , Hh          , Gg          , Gg          , Gg          , Gg          , Gg          , Gg          , Rd          , Rd          , Gg          
Gs^Fds      , Gs^Fds      , Gs^Fds      , Hh          , Hh          , Hh          , Hh          , Hh          , Gs^Fds      , Hh          , Gs^Fp       , Hh          , Hh          , Gs^Fds      , Gs^Fds      , Gg          , Gg          , Gg          , Gg          , Gg          , Gg          , Rd          
