border_size=1
usage=map

Mm          , Mm          , Mm^Xm       , Mm^Xm       , Mm^Xm       , Mm^Xm       , Mm          , Mm          , Mm^Xm       , Mm          , Mm^Xm       , Mm^Xm       , Mm^Xm       , Mm          , Mm          , Ww          , Ww          , Ww          , Ww          , Mm          , Mm          , Mm          , Ha          , Ha          , Ha          , Ha          , Aa^Fpa      , Aa^Fpa      , Aa^Fpa      , Aa^Fpa      , Aa^Fpa      , Aa^Fpa      
Mm^Xm       , Mm^Xm       , Mm^Xm       , Mm^Xm       , Mm^Xm       , Mm^Xm       , Mm^Xm       , Mm^Xm       , Mm^Xm       , Mm^Xm       , Mm          , Mm^Xm       , Mm^Xm       , Mm^Xm       , Mm          , Ww          , Ww          , Ww          , Ww          , Ww          , Mm          , Mm          , Ha          , Ha          , Aa^Fpa      , Aa^Fpa      , Aa^Fpa      , Aa^Fpa      , Aa^Fpa      , Aa^Fpa      , Aa^Fpa      , Aa^Fpa      
Mm^Xm       , Mm^Xm       , Mm^Xm       , Mm^Xm       , Mm^Xm       , Mm          , Mm^Xm       , Mm^Xm       , Mm^Xm       , Mm          , Mm^Xm       , Mm          , Mm^Xm       , Mm^Xm       , Mm^Xm       , Mm          , Ww          , Ww          , Ww          , Ww          , Mm          , Mm          , Ha^Vhha     , Ha          , Aa^Fpa      , Aa^Fpa      , Aa^Fpa      , Aa^Fpa      , Aa^Fpa      , Aa^Fpa      , Aa^Fpa      , Aa^Fpa      
Mm^Xm       , Mm^Xm       , Mm^Xm       , Mm^Xm       , Mm          , Mm^Xm       , Mm^Xm       , Mm^Xm       , Mm^Xm       , Mm^Xm       , Mm^Xm       , Mm^Xm       , Mm          , Mm^Xm       , Mm^Xm       , Aa^Fpa      , Ww          , Ww          , Ww          , Mm          , Mm          , Mm          , Ha          , Aa^Fpa      , Aa^Fpa      , Aa^Fpa      , Aa^Fpa      , Aa^Fpa      , Aa^Fpa      , Aa^Fpa      , Aa^Fpa      , Aa^Fpa      
Mm          , Mm^Xm       , Mm^Xm       , Mm^Xm       , Mm^Xm       , Mm^Xm       , Mm^Xm       , Mm          , Mm^Xm       , Mm^Xm       , Mm^Xm       , Mm^Xm       , Mm          , Aa^Fpa      , Aa^Fpa      , Mm          , Ww          , Ww          , Ww          , Mm          , Mm          , Mm          , Ha          , Aa^Fpa      , Aa^Fpa      , Aa^Fpa      , Aa^Fpa      , Aa^Fpa      , Aa^Fpa      , Aa^Fpa      , Aa^Fpa      , Aa^Fpa      
Mm^Xm       , Mm^Xm       , Mm^Xm       , Mm^Xm       , Mm^Xm       , Mm          , Mm^Xm       , Mm^Xm       , Mm^Xm       , Mm^Xm       , Mm^Xm       , Mm^Xm       , Mm          , Mm          , Mm          , Ww          , Ww          , Ww          , Ww          , Ww          , Ww          , Mm          , Hh          , Gs^Fp       , Gs^Fp       , Aa^Fpa      , Gs^Fp       , Aa^Fpa      , Gs^Fp       , Aa^Fpa      , Gs^Fp       , Gs^Fp       
Mm^Xm       , Mm^Xm       , Mm^Xm       , Mm^Xm       , Mm^Xm       , Mm^Xm       , Mm^Xm       , Mm^Xm       , Mm^Xm       , Mm^Xm       , Mm          , Mm          , Mm          , Mm          , Ww          , Ww          , Ww          , Ww          , Mm          , Mm          , Mm          , Ww          , Ww          , Gs^Fp       , Gg          , Gs^Fp       , Gs^Fp       , Gs^Fp       , Gs^Fp       , Gs^Fp       , Gs^Fp       , Gs^Fp       
Mm^Xm       , Mm^Xm       , Mm          , Mm^Xm       , Mm^Xm       , Mm          , Mm          , Mm          , Mm          , Mm          , Mm          , Mm^Vhh      , Hh          , Ww          , Ww          , Ww          , Ww          , Ww          , Mm          , Mm          , Mm          , Hh          , Wwf         , Gs^Fp       , Gg          , Gg          , Gs^Fp       , Gs^Fp       , Gg          , Gs^Fp       , Gg          , Gs^Fp       
Mm^Xm       , Mm^Xm       , Mm^Xm       , Mm          , Mm^Xm       , Mm          , Mm          , Mm          , 1 Kud       , Cud         , Cud         , Mm          , Ww          , Ww          , Ww          , Ww          , Mm          , Mm          , Mm          , Mm          , Hh          , Hh          , Wwf         , Gg          , Gg          , Gg          , Gg          , Gg          , Gg          , Gg          , Gs^Fp       , Gs^Fp       
Mm^Xm       , Mm          , Mm^Xm       , Mm^Xm       , Mm^Xm       , Mm          , Mm          , Mm          , Cud         , Cud         , Ww^Bw\      , Ww          , Ww          , Ww          , Ww          , Ww          , Mm          , Mm          , Mm          , Hh          , Gs^Fp       , Gs^Fp       , Ww          , Gg          , Gg          , Gg          , Re^Gvs      , Gg          , Gg          , Gg          , Gg          , Gg          
Mm^Xm       , Mm^Xm       , Mm^Xm       , Mm^Xm       , Mm          , Mm          , Mm^Vhh      , Mm          , Hh          , Cud         , Ww          , Ww^Bw\      , Ww^Bw\      , Ww          , Mm          , Mm          , Mm          , Mm          , Hh          , Hh          , Gg          , Gg          , Ww          , Gg          , Ss          , Re^Gvs      , Re^Gvs      , Re^Gvs      , Re^Gvs      , Gg          , Gg          , Gg          
Mm^Xm       , Mm^Xm       , Mm^Xm       , Mm^Xm       , Mm^Xm       , Mm          , Mm          , Mm          , Ww          , Ww          , Ww          , Ww          , Hh          , Wwf         , Hh          , Mm          , Hh          , Hh          , Gg          , Gg          , Gg          , Ww          , Ss          , Ss          , Re^Gvs      , Re^Gvs      , Re^Gvs      , Re^Gvs      , Re^Gvs      , Re^Gvs      , Re^Gvs      , Gg          
Mm^Xm       , Mm^Xm       , Mm^Xm       , Mm^Xm       , Mm^Xm       , Mm^Xm       , Ww          , Ww          , Ww          , Ww          , Ww          , Ww          , Mm          , Wwf         , Rp          , Mm          , Gg          , Gg          , Gg          , Gg          , Gg^Vc       , Wwf         , Ww          , Re^Gvs      , Re^Gvs      , Re^Gvs      , Re^Gvs      , Re^Gvs      , Re^Gvs      , Re^Gvs      , Re^Gvs      , Re^Gvs      
Mm^Xm       , Mm^Xm       , Mm^Xm       , Mm^Xm       , Mm          , Mm^Xm       , Ww          , Ww          , Ww          , Ww          , Mm          , Mm          , Mm          , Mm          , Hh          , Rp          , Rp          , Gg          , Gg^Vc       , Gg          , Rp          , Gg          , Gg^Vc       , Ww          , Ww          , Re^Gvs      , Re^Gvs      , Re^Gvs      , Re^Gvs      , Re^Gvs      , Re^Gvs      , Re^Gvs      
Mm^Xm       , Mm^Xm       , Mm          , Mm          , Mm          , Mm          , Ww          , Ww          , Ww          , Mm          , Mm          , Mm          , Mm          , Mm          , Hh          , Gg          , Gg          , Rp          , Rp          , Rp          , Cud         , Rp          , Rp          , Gg          , Gg          , Wwf         , Ww          , Re^Gvs      , Re^Gvs      , Re^Gvs      , Re          , Gg          
Ww          , Mm          , Ww          , Mm          , Ww          , Ww          , Ww          , Ww          , Ww          , Hh          , Hh          , Hh          , Hh          , Hh          , Ss          , Ss          , Gg          , Gg^Vc       , Rp          , Gg^Ve       , Cud         , Gg^Ve       , Rp          , Gg^Vc       , Gg^Fet      , Gg          , Wwf         , Ww          , Re          , Re          , Gg          , Re          
Ww          , Ww          , Ww          , Ww          , Ww          , Ww          , Ww          , Ww          , Mm          , Mm          , Hh          , Hh          , Hh          , Hh          , Gg          , Gg          , Gg          , Gg          , Rp          , Cud         , Rp          , Rp          , Gg^Wm       , Re          , Re          , Re          , Wwf         , Ww          , Ww          , Gg          , Gg          , Gg          
Ww          , Ww          , Ww          , Ww          , Ww          , Ww          , Mm          , Mm          , Mm          , Hh          , Gs^Fp       , Gs^Fp       , Gs^Fp       , Hh          , Ss          , Gg          , Gg          , Gg^Vc       , Gg          , Rp          , Gg^Vc       , Re          , Re          , Re          , Re^Gvs      , Re^Gvs      , Wwf         , Ss          , Re^Gvs      , Wwf         , Wwf         , Gg          
Ww          , Ww          , Mm          , Ww          , Mm          , Mm          , Mm          , Mm          , Hh^Vhh      , Hh          , Gs^Fp       , Gs^Fp       , Ss          , Gs^Fp       , Re^Gvs      , Re^Gvs      , Re^Gvs      , Gg          , Ss          , Ss          , Re          , Re          , Ss          , Re^Gvs      , Wwf         , Ss          , Wwf         , Re^Gvs      , Ss          , Re^Gvs      , Wwf         , Gg          
Ww          , Ww          , Mm          , Mm          , Mm          , Mm          , Hh          , Hh          , Gs^Fp       , Gs^Fp       , Gs^Fp       , Gs^Fp       , Re^Gvs      , Re^Gvs      , Ss          , Ss          , Re^Gvs      , Re^Gvs      , Re^Gvs      , Re          , Ss          , Re          , Re          , Wwf         , Re^Gvs      , Re^Gvs      , Ss          , Re^Gvs      , Gg          , Gg          , Wwf         , Gg          
Ww          , Ww          , Mm          , Mm          , Mm          , Hh          , Gs^Fp       , Gs^Fp       , Gs^Fp       , Gs^Fp       , Gs^Fp       , Re^Gvs      , Re^Gvs      , Re^Gvs      , Ss          , Ss          , Re^Gvs      , Re^Gvs      , Ss          , Ss          , Re^Gvs      , Ss          , Re          , Wwf         , Gg          , Re^Gvs      , Gg          , Gg          , Gs^Fp       , Gg          , Gg          , Wwf         
Ww          , Ww          , Mm          , Mm          , Hh          , Hh          , Gs^Fp       , Gs^Fp       , Gs^Fp       , Gs^Fp       , Ss          , Gs^Fp       , Ss          , Re^Gvs      , Re^Gvs      , Re^Gvs      , Re^Gvs      , Re^Gvs      , Re^Gvs      , Re^Gvs      , Gg          , Gg          , Re          , Ss          , Gg          , Gg          , Ss          , Gs^Fp       , Hh          , Hh          , Gg          , Gg          
Mm          , Mm          , Mm          , Hh          , Hh          , Gs^Fp       , Gs^Fp       , Gs^Fp       , Gs^Fp       , Gs^Fp       , Gs^Fp       , Gs^Fp       , Gs^Fp       , Gs^Fp       , Gg          , Re^Gvs      , Re^Gvs      , Re^Gvs      , Ss          , Gs^Fp       , Hh          , Gg          , Re          , Gg          , Gg          , Gg          , Ss          , Hh          , Hh          , Hh          , Gg          , Gg          
Mm          , Mm          , Mm          , Hh          , Hh          , Gs^Fp       , Gs^Fp       , Gs^Fp       , Gs^Fp       , Gs^Fp       , Gs^Fp       , Gs^Fp       , Gs^Fp       , Gs^Fp       , Re          , Re          , Gg          , Gg          , Gg          , Hh          , Hh          , Hh          , Re          , Gg          , Gg^Vc       , Gg          , Ss          , Hh          , Gg          , Hh          , Gg          , Gg          
Gs^Fp       , Hh          , Hh          , Hh          , Hh          , Gs^Fp       , Gs^Fp       , Gs^Fp       , Gs^Fp       , Gs^Fp       , Gs^Fp       , Gs^Fp       , Re          , Re          , Gs^Fp       , Gs^Fp       , Ss          , Gg          , Gg          , Hh          , Hh          , Hh          , Re          , Gg          , Gg          , Gg          , Gg          , Hh          , Gg          , Hh          , Gg          , Gg          
Gs^Fp       , Gs^Fp       , Gs^Fp       , Hh          , Ce          , Gs^Fp       , Gs^Fp       , Gs^Fp       , Gs^Fp       , Gs^Fp       , Re          , Gg^Vh       , Re          , Gs^Fp       , Gs^Fp       , Gs^Fp       , Gs^Fp       , Gg          , Gg          , Gg          , Re          , Re          , Gg          , Gg          , Gg          , Gg          , Gg          , Gg          , Hh          , Hh          , Gg          , Gg          
Re          , Gs^Fp       , Gs^Fp       , Ce          , 3 Ke        , Ce          , Gs^Fp       , Gs^Fp       , Re          , Re          , Gs^Fp       , Re          , Gs^Fp       , Gs^Fp       , Gs^Fp       , Gs^Fp       , Gs^Fp       , Gs^Fp       , Gg          , Gg          , Re          , Gg          , Gg          , Gg          , Gg          , Gg          , Gg          , Gg          , Gg          , Gg          , Gg          , Gg          
Gs^Fp       , Re          , Re          , Ce          , Ce          , Ce          , Re          , Re          , Gs^Fp       , Gs^Fp       , Gs^Fp       , Gs^Fp       , Gs^Fp       , Gs^Fp       , Gs^Fp       , Gs^Fp       , Gs^Fp       , Gs^Fp       , Gs^Fp       , Gg          , Re          , Gg          , Gg          , Gg          , Gg          , Gg          , Gg          , Gg          , Gg          , Gg          , Gs^Fp       , Gs^Fp       
Gs^Fp       , Gs^Fp       , Gs^Fp       , Re          , Re          , Re          , Gs^Fp       , Gs^Fp       , Gs^Fp       , Gs^Fp       , Gs^Fp       , Gs^Fp       , Gs^Fp       , Gs^Fp       , Gs^Fp       , Gs^Fp       , Gs^Fp       , Gs^Fp       , Ce          , Gg          , Re          , Gs^Fp       , Gs^Fp       , Gg          , Gg          , Gg          , Gg          , Gg          , Gs^Fp       , Gs^Fp       , Gs^Fp       , Gs^Fp       
Gs^Fp       , Gs^Fp       , Gs^Fp       , Gs^Fp       , Gs^Fp       , Gs^Fp       , Gs^Fp       , Gs^Fp       , Gs^Fp       , Gs^Fp       , Gs^Fp       , Gs^Fp       , Gs^Fp       , Gs^Fp       , Gs^Fp       , Gs^Fp       , Gs^Fp       , Ce          , 2 Ke        , Ce          , Re          , Gs^Fp       , Gs^Fp       , Gs^Fp       , Ss          , Gg          , Gs^Fp       , Gs^Fp       , Gs^Fp       , Gs^Fp       , Gs^Fp       , Gs^Fp       
Gs^Fp       , Gs^Fp       , Gs^Fp       , Gs^Fp       , Gs^Fp       , Gs^Fp       , Gs^Fp       , Gs^Fp       , Gs^Fp       , Gs^Fp       , Gs^Fp       , Gs^Fp       , Gs^Fp       , Gs^Fp       , Gs^Fp       , Gs^Fp       , Gs^Fp       , Ce          , Ce          , Ce          , Re          , Gs^Fp       , Gs^Fp       , Gs^Fp       , Gs^Fp       , Gs^Fp       , Gs^Fp       , Gs^Fp       , Gs^Fp       , Gs^Fp       , Gs^Fp       , Gs^Fp       
Gs^Fp       , Gs^Fp       , Gs^Fp       , Gs^Fp       , Gs^Fp       , Gs^Fp       , Gs^Fp       , Gs^Fp       , Gs^Fp       , Gs^Fp       , Gs^Fp       , Gs^Fp       , Gs^Fp       , Gs^Fp       , Gs^Fp       , Gs^Fp       , Gs^Fp       , Gs^Fp       , Gg          , Gs^Fp       , Re          , Gs^Fp       , Gs^Fp       , Gs^Fp       , Gs^Fp       , Gs^Fp       , Gs^Fp       , Gs^Fp       , Gs^Fp       , Gs^Fp       , Gs^Fp       , Gs^Fp       
