border_size=1
usage=map

Gg          , Gs^Fp       , Gs^Fp       , Gs^Fp       , Gs^Fp       , Hh          , Hh          , Hh          , Mm^Xm       , Mm^Xm       , Mm          , Mm          , Mm          , Mm          , Mm          , Mm          , Mm          , Mm          , Ww          , Ww          , Mm          , Mm          , Mm          , Mm          , Mm          , Mm          , Mm          , Rd          , Mm          , Mm          , Mm          , Mm          
Gg          , Gg          , Gg          , Gs^Fp       , Gs^Fp       , Hh^Fp       , Hh          , Mm^Xm       , Mm^Xm       , Mm          , Mm          , Mm          , Mm          , Mm          , Mm          , Mm          , Mm          , Mm          , Ww          , Ww          , Ss          , Mm          , Mm          , Mm          , Mm          , Mm          , Mm          , Rd          , Hh          , Mm          , Mm^Xm       , Mm^Xm       
Gg          , Gg          , Gg          , Gg          , Gg          , Hh^Vhh      , Hh          , Hh          , Ce          , Mm^Xm       , Hh          , Mm          , Mm          , Mm          , Hh^Fp       , Mm          , Gs^Fp       , Ss          , Ww          , Ww          , Gs^Fp       , Hh^Fp       , Mm          , Mm          , Mm          , Mm          , Gs^Fp       , Rd          , Hh^Fp       , Hh          , Hh          , Mm^Xm       
Rp          , Gg          , Gg          , Gg          , Gg          , Gg          , Gg          , Gs^Fp       , Ce          , 3 Ke        , Ce          , Hh          , Hh          , Hh^Fp       , Mm          , Mm          , Mm          , Hh          , Ww          , Ww          , Gg          , Hh          , Hh          , Mm^Vhh      , Mm          , Hh          , Gs^Fp       , Rd          , Rd          , Gs^Fp       , 1 Ke        , Gs^Fp       
Gg          , Rp          , Gg          , Gg          , Gg^Ve       , Gg          , Gg          , Gg          , Gg          , Ce          , Gg          , Ce          , Gs^Fp       , Mm          , Mm^Vhh      , Mm          , Hh          , Gs^Fp       , Ww          , Ww          , Gg          , Gs^Fp       , Hh^Fp       , Hh^Fp       , Gs^Fp       , Gs^Fp       , Gg          , Gg^Ve       , Ce          , Ce          , Ce          , Gg          
Gg          , Gg          , Gg          , Rp          , Rp          , Gg          , Gg          , Gg          , Gg          , Gg          , Gg          , Gg          , Gg          , Gs^Fp       , Hh          , Hh          , Gg          , Gg          , Wwr         , Ww          , Gg          , Mm          , Mm          , Hh          , Hh          , Gg          , Gg          , Gg          , Gg          , Ce          , Ce          , Gg          
Gg          , Gg          , Gg          , Gg          , Gg          , Gg          , Gg          , Gg          , Gg          , Rp          , Gg          , Gg          , Gg          , Gg          , Rp          , Gg          , Gg          , Gg          , Wwf         , Ww          , Gg          , Hh          , Hh^Vhh      , Mm          , Gg          , Gg          , Gg          , Gg          , Gg          , Gg          , Gg          , Gg          
Gg          , Gg          , Gg          , Gg          , Gg          , Gg          , Gg          , Gg          , Gg          , Gg          , Gg          , Gg          , Gg          , Rp          , Rd          , Rp          , Gg          , Rp          , Ww^Bw\      , Wwf         , Gg          , Gg          , Gg          , Gg          , Gg          , Gg          , Gg          , Gg          , Gg          , Gg          , Gg          , Gg          
Gs^Fp       , Gg          , Hh^Fp       , Gg          , Gg          , Gg          , Gs^Fp       , Gg          , Gs^Fp       , Gs^Fp       , Gs^Fp       , Gg          , Gg          , Gg          , Gg          , Gg          , Ww          , Wwf         , Wwf         , Ww^Bw\      , Rp          , Gg          , Rp          , Gg          , Gg          , Gg          , Gg          , Gg          , Ss          , Gg          , Gg          , Gg          
Mm          , Gs^Fp       , Gs^Fp       , Hh^Fp       , Hh^Fp       , Gs^Fp       , Mm          , Gs^Fp       , Mm          , Mm^Vhh      , Mm          , Gs^Fp       , Hh          , Gg          , Gg          , Gg          , Ww          , Ww          , Gg          , Gg          , Gs^Fp       , Hh          , Hh          , Rp          , Gg          , Gg          , Rp          , Gg          , Gg          , Gg^Ve       , Gg          , Gg          
Mm          , Mm          , Mm          , Hh          , Mm          , Hh^Fp       , Mm          , Mm          , Mm          , Mm          , Mm          , Mm          , Mm          , Hh          , Gs^Fp       , Gg          , Ww          , Wwr         , Gs^Fp       , Hh          , Hh          , Hh^Fp       , Hh^Fp       , Gs^Fp       , Gg          , Gg          , Gg          , Rp          , Gg          , Gg          , Rp          , Gg          
Mm          , Mm          , Mm          , Mm          , Mm          , Mm          , Mm          , Mm          , Mm          , Mm          , Hh^Vhh      , Mm          , Mm          , Mm          , Mm          , Gg          , Ww          , Ww          , Gs^Fp       , Mm          , Mm          , Mm          , Mm          , Hh          , Gs^Fp       , Gg          , Gg          , Gg          , Gg          , Gg          , Gs^Fp       , Rp          
Mm          , Mm          , Mm          , Mm          , Mm          , Mm          , Mm          , Mm          , Mm          , Hh          , Mm          , Mm          , Mm          , Mm          , Hh          , Gg^Ve       , Ww          , Ww          , Ss          , Gs^Fp       , Hh^Fp       , Mm          , Hh^Fp       , Mm          , Gs^Fp       , Gg          , Gg          , Gg          , Gs^Fp       , Gs^Fp       , Hh^Vhh      , Gs^Fp       
Mm          , Mm^Xm       , Mm^Xm       , Mm          , Gs^Fp       , Mm          , Mm          , Mm          , Mm          , Mm          , Mm          , Mm          , Hh          , Hh          , Ce          , Wwf         , Ww          , Ww          , Gs^Fp       , Gs^Fp       , Mm          , Mm          , Gs^Fp       , Gs^Fp       , Gs^Fp       , Gg          , Gg          , Gs^Fp       , Mm          , Hh^Fp       , Hh          , Hh          
Mm          , Mm          , Mm          , Mm^Xm       , Mm^Xm       , Hh^Fp       , Hh          , Mm          , Hh^Fp       , Mm          , Mm          , Mm          , Hh          , Ce          , Ce          , Wwf         , Ww          , Ww          , Hh          , Mm          , Mm          , Mm          , Mm          , Hh^Fp       , Hh^Vhh      , Gs^Fp       , Gs^Fp       , Gs^Fp       , Gs^Fp       , Mm          , Mm          , Hh          
Mm          , Mm          , Mm          , Mm          , Mm          , Mm^Xm       , Mm^Xm       , Hh          , Mm          , Mm          , Mm          , Hh^Fp       , Hh          , 2 Ke        , Ce          , Ww          , Ww          , Wwr         , Hh          , Hh^Fp       , Hh          , Mm          , Mm          , Mm          , Mm          , Hh          , Hh          , Gs^Fp       , Gs^Fp       , Hh          , Hh          , Hh          
Hh^Fp       , Mm          , Hh          , Gs^Fp       , Gs^Fp       , Mm          , Mm          , Mm^Xm       , Mm          , Mm          , Mm          , Mm          , Mm          , Hh          , Ce          , Ww          , Ww          , Gg          , Gs^Fp       , Hh^Fp       , Mm          , Hh^Fp       , Hh          , Mm          , Mm          , Mm          , Hh^Fp       , Hh^Fp       , Gs^Fp       , Gs^Fp       , Hh          , Hh          
Hh^Fp       , Hh          , Mm          , Mm          , Mm          , Hh^Fp       , Hh^Fp       , Mm          , Mm          , Hh^Fp       , Hh          , Mm          , Hh^Vhh      , Hh          , Ce          , Ww          , Ww          , Gs^Fp       , Gs^Fp       , Mm          , Mm          , Mm          , Mm          , Hh          , Hh          , Hh          , Mm          , Gs^Fp       , Gs^Fp       , Hh^Fp       , Hh          , Hh          
Mm          , Hh          , Mm          , Mm          , Mm          , Mm          , Mm          , Mm          , Mm          , Mm          , Mm          , Hh^Fp       , Gs^Fp       , Gs^Fp       , Ww          , Ww          , Ww          , Gs^Fp       , Hh          , Hh^Vhh      , Mm          , Mm          , Mm          , Mm          , Mm          , Mm          , Mm          , Mm          , Mm          , Hh          , Hh          , Hh          
Mm          , Mm          , Mm          , Mm          , Mm          , Mm          , Mm^Xm       , Mm^Xm       , Mm          , Mm          , Mm          , Mm          , Mm          , Gs^Fp       , Ww          , Ww          , Mm          , Mm          , Mm          , Hh          , Hh          , Mm          , Mm          , Mm          , Mm          , Mm          , Mm          , Mm          , Mm          , Mm^Vhh      , Mm          , Mm          
Mm          , Mm          , Mm          , Mm          , Mm^Xm       , Mm^Xm       , Mm          , Mm          , Mm          , Hh          , Hh          , Mm          , Mm          , Mm          , Ww          , Ww          , Mm          , Mm          , Mm          , Mm          , Mm          , Hh          , Mm          , Hh          , Mm          , Mm          , Mm          , Mm          , Mm          , Mm          , Mm          , Mm          
Mm          , Mm          , Mm^Xm       , Mm^Xm       , Mm          , Mm          , Mm^Xm       , Mm^Xm       , Mm^Xm       , Mm          , Mm          , Hh          , Mm^Xm       , Mm^Xm       , Ww          , Ww          , Mm          , Mm          , Mm          , Mm          , Mm          , Mm          , Mm          , Mm          , Mm          , Mm          , Mm          , Mm          , Mm          , Mm          , Mm          , Mm          
